// Jest Snapshot v1, https://goo.gl/fbAQLP

exports[`FormBook has a valid snapshot 1`] = `
<form
  className="formulario"
  onSubmit={[Function]}
>
  <label>
    <span
      className="legend"
    >
      Título: 
    </span>
    <input
      className="inputForm"
      name="title"
      onChange={[Function]}
      type="text"
      value="Teste"
    />
  </label>
  <br />
  <label>
    <span
      className="legend"
    >
      Descripción: 
    </span>
    <input
      className="inputForm"
      name="description"
      onChange={[Function]}
      type="text"
      value="Teste"
    />
  </label>
  <br />
  <label>
    <span
      className="legend"
    >
      Autor: 
    </span>
    <input
      className="inputForm"
      name="author"
      onChange={[Function]}
      type="text"
      value="teste"
    />
  </label>
  <br />
  <label>
    <span
      className="legend"
    >
      Edición: 
    </span>
    <input
      className="inputForm"
      name="edition"
      onChange={[Function]}
      type="number"
      value={1}
    />
  </label>
  <br />
  <input
    className="submitButton"
    type="submit"
    value="Cadastrar"
  />
</form>
`;
